// Jest Snapshot v1, https://goo.gl/fbAQLP

exports[`GlobalFormFieldUrl renders correctly 1`] = `
<FormField
  control={[Function]}
  disabled={false}
  error={null}
  fluid={true}
  icon="icon"
  inline={true}
  label="multi token field"
  loading={false}
  name="multi token field"
  onChange={[Function]}
/>
`;
