// Jest Snapshot v1, https://goo.gl/fbAQLP

exports[`ModalConstitution renders correctly 1`] = `
<Modal
  centered={true}
  closeOnDimmerClick={false}
  closeOnDocumentClick={false}
  dimmer={true}
  eventPool="Modal"
  open={false}
>
  <ModalHeader>
    constitution_title
  </ModalHeader>
  <ModalContent>
    <Header>
      constitution_preface
    </Header>
    <Header
      size="small"
    >
      constitution_article_01_title
    </Header>
    <p>
      constitution_article_01_body
    </p>
    <Header
      size="small"
    >
      constitution_article_02_title
    </Header>
    <p>
      constitution_article_02_body
    </p>
    <Header
      size="small"
    >
      constitution_article_03_title
    </Header>
    <p>
      constitution_article_03_body
    </p>
    <Header
      size="small"
    >
      constitution_article_04_title
    </Header>
    <p>
      constitution_article_04_body
    </p>
    <Header
      size="small"
    >
      constitution_article_05_title
    </Header>
    <p>
      constitution_article_05_body
    </p>
    <Header
      size="small"
    >
      constitution_article_06_title
    </Header>
    <p>
      constitution_article_06_body
    </p>
    <Header
      size="small"
    >
      constitution_article_07_title
    </Header>
    <p>
      constitution_article_07_body
    </p>
    <Header
      size="small"
    >
      constitution_article_08_title
    </Header>
    <p>
      constitution_article_08_body
    </p>
    <Header
      size="small"
    >
      constitution_article_09_title
    </Header>
    <p>
      constitution_article_09_body
    </p>
    <Header
      size="small"
    >
      constitution_article_10_title
    </Header>
    <p>
      constitution_article_10_body
    </p>
    <Header
      size="small"
    >
      constitution_article_11_title
    </Header>
    <p>
      constitution_article_11_body
    </p>
    <Header
      size="small"
    >
      constitution_article_12_title
    </Header>
    <p>
      constitution_article_12_body
    </p>
    <Header
      size="small"
    >
      constitution_article_13_title
    </Header>
    <p>
      constitution_article_13_body
    </p>
    <Header
      size="small"
    >
      constitution_article_14_title
    </Header>
    <p>
      constitution_article_14_body
    </p>
    <Header
      size="small"
    >
      constitution_article_15_title
    </Header>
    <p>
      constitution_article_15_body
    </p>
    <Header
      size="small"
    >
      constitution_article_16_title
    </Header>
    <p>
      constitution_article_16_body
    </p>
    <Header
      size="small"
    >
      constitution_article_17_title
    </Header>
    <p>
      constitution_article_17_body
    </p>
    <Header
      size="small"
    >
      constitution_article_18_title
    </Header>
    <p>
      constitution_article_18_body
    </p>
    <Header
      size="small"
    >
      constitution_article_19_title
    </Header>
    <p>
      constitution_article_19_body
    </p>
    <Header
      size="small"
    >
      constitution_article_20_title
    </Header>
    <p>
      constitution_article_20_body
    </p>
  </ModalContent>
  <ModalActions>
    <Button
      as="button"
      content="constitution_accept"
      icon="external"
      labelPosition="right"
      onClick={[Function]}
      positive={true}
    />
  </ModalActions>
</Modal>
`;
