// Jest Snapshot v1, https://goo.gl/fbAQLP

exports[`GlobalTransactionViewDetail renders correctly 1`] = `
<Table
  as="table"
  definition={true}
  size="small"
>
  <TableHeader
    as="thead"
  >
    <TableRow
      as="tr"
      cellAs="td"
    >
      <TableHeaderCell
        as="th"
      >
        property
      </TableHeaderCell>
      <TableHeaderCell
        as="th"
      >
        value
      </TableHeaderCell>
    </TableRow>
  </TableHeader>
  <TableBody
    as="tbody"
  >
    <TableRow
      as="tr"
      cellAs="td"
    >
      <TableCell
        as="td"
        collapsing={true}
      >
        global_transaction_view_count
      </TableCell>
      <TableCell
        as="td"
      >
        1
      </TableCell>
    </TableRow>
    <TableRow
      as="tr"
      cellAs="td"
    >
      <TableCell
        as="td"
        collapsing={true}
      >
        global_transaction_view_action_count
      </TableCell>
      <TableCell
        as="td"
      >
        0
      </TableCell>
    </TableRow>
    <TableRow
      as="tr"
      cellAs="td"
    >
      <TableCell
        as="td"
        collapsing={true}
      >
        global_transaction_view_expiration
      </TableCell>
      <TableCell
        as="td"
      >
        <p>
          <TimeAgo
            component="time"
            date="undefinedz"
            formatter={[Function]}
            live={true}
            maxPeriod={Infinity}
            minPeriod={0}
            now={[Function]}
          />
           
          (
           UTC)
        </p>
      </TableCell>
    </TableRow>
    <TableRow
      as="tr"
      cellAs="td"
    >
      <TableCell
        as="td"
        collapsing={true}
      >
        global_transaction_view_status
      </TableCell>
      <TableCell
        as="td"
      >
        <Label
          basic={true}
          color="green"
          content="global_transaction_view_is_signed"
          size="large"
        />
      </TableCell>
    </TableRow>
  </TableBody>
</Table>
`;
