// Jest Snapshot v1, https://goo.gl/fbAQLP

exports[`WalletMessageContractTransfer renders correctly 1`] = `
<Translate(GlobalMessageContractBase)>
  <Header>
    <p>
      <Component />
    </p>
  </Header>
  <p>
    <Component />
  </p>
  <List
    style={
      Object {
        "marginLeft": "2em",
      }
    }
  >
    <ListItem>
      <p>
        <Component />
      </p>
    </ListItem>
    <ListItem>
      <p>
        <Component />
      </p>
    </ListItem>
    <ListItem>
      <p>
        <Component />
      </p>
    </ListItem>
  </List>
  <p>
    <Component />
  </p>
  <p>
    <Component />
  </p>
</Translate(GlobalMessageContractBase)>
`;
